[0m14:23:21.083371 [debug] [MainThread]: Sending event: {'category': 'dbt', 'action': 'invocation', 'label': 'start', 'context': [<snowplow_tracker.self_describing_json.SelfDescribingJson object at 0x000002EC4919E510>, <snowplow_tracker.self_describing_json.SelfDescribingJson object at 0x000002EC46D651D0>, <snowplow_tracker.self_describing_json.SelfDescribingJson object at 0x000002EC4BB739D0>]}


============================== 14:23:21.090316 | a6baade3-f6ba-4fea-bd1f-39cb5e60cebf ==============================
[0m14:23:21.090316 [info ] [MainThread]: Running with dbt=1.12.5
[0m14:23:21.091438 [debug] [MainThread]: running dbt with arguments {'maximum_seed_size_mib': '1', 'no_print': 'None', 'static_parser': 'True', 'warn_error_options': 'WarnErrorOptionsV2(error=[], warn=[], silence=[])', 'target_path': 'None', 'version_check': 'True', 'printer_width': '80', 'write_json': 'True', 'introspect': 'True', 'log_cache_events': 'False', 'empty': 'None', 'cache_selected_only': 'False', 'fail_fast': 'False', 'debug': 'False', 'log_format': 'default', 'partial_parse': 'True', 'send_anonymous_usage_stats': 'True', 'quiet': 'False', 'warn_error': 'None', 'profiles_dir': 'C:\\Users\\chach\\.dbt', 'indirect_selection': 'eager', 'hints_enabled': 'True', 'use_colors': 'True', 'use_experimental_parser': 'False', 'invocation_command': 'dbt init learning_dbt', 'log_path': 'logs'}
[0m14:23:21.143899 [info ] [MainThread]: Creating dbt configuration folder at C:\Users\chach\.dbt
[0m14:23:21.149405 [debug] [MainThread]: Starter project path: C:\Users\chach\PERSONAL_PROJECTS\learning_dbt\.venv\Lib\site-packages\dbt\include\starter_project
[0m14:23:21.202183 [info ] [MainThread]: Setting up your profile.
[0m14:23:32.001593 [info ] [MainThread]: Profile learning_dbt written to C:\Users\chach\.dbt\profiles.yml using target's sample configuration. Once updated, you'll be able to start developing with dbt.
[0m14:23:32.006720 [info ] [MainThread]: Running dbt debug to validate the project...
[0m14:23:32.007593 [info ] [MainThread]: dbt version: 1.12.5
[0m14:23:32.008100 [info ] [MainThread]: python version: 3.14.5
[0m14:23:32.008911 [info ] [MainThread]: python path: C:\Users\chach\PERSONAL_PROJECTS\learning_dbt\.venv\Scripts\python.exe
[0m14:23:32.009651 [info ] [MainThread]: os info: Windows-11-10.0.26200-SP0
[0m14:23:32.114881 [info ] [MainThread]: Using profiles dir at C:\Users\chach\.dbt
[0m14:23:32.115846 [info ] [MainThread]: Using profiles.yml file at C:\Users\chach\.dbt\profiles.yml
[0m14:23:32.116666 [info ] [MainThread]: Using dbt_project.yml file at C:\Users\chach\PERSONAL_PROJECTS\learning_dbt\learning_dbt\dbt_project.yml
[0m14:23:32.120305 [info ] [MainThread]: adapter type: duckdb
[0m14:23:32.121064 [info ] [MainThread]: adapter version: 1.11.0
[0m14:23:32.284684 [info ] [MainThread]: Configuration:
[0m14:23:32.285636 [info ] [MainThread]:   profiles.yml file [[32mOK found and valid[0m]
[0m14:23:32.286559 [info ] [MainThread]:   dbt_project.yml file [[32mOK found and valid[0m]
[0m14:23:32.287304 [info ] [MainThread]: Required dependencies:
[0m14:23:32.287876 [debug] [MainThread]: Executing "git --help"
[0m14:23:32.352366 [debug] [MainThread]: STDOUT: "b"usage: git [-v | --version] [-h | --help] [-C <path>] [-c <name>=<value>]\n           [--exec-path[=<path>]] [--html-path] [--man-path] [--info-path]\n           [-p | --paginate | -P | --no-pager] [--no-replace-objects] [--no-lazy-fetch]\n           [--no-optional-locks] [--no-advice] [--bare] [--git-dir=<path>]\n           [--work-tree=<path>] [--namespace=<name>] [--config-env=<name>=<envvar>]\n           <command> [<args>]\n\nThese are common Git commands used in various situations:\n\nstart a working area (see also: git help tutorial)\n   clone      Clone a repository into a new directory\n   init       Create an empty Git repository or reinitialize an existing one\n\nwork on the current change (see also: git help everyday)\n   add        Add file contents to the index\n   mv         Move or rename a file, a directory, or a symlink\n   restore    Restore working tree files\n   rm         Remove files from the working tree and from the index\n\nexamine the history and state (see also: git help revisions)\n   bisect     Use binary search to find the commit that introduced a bug\n   diff       Show changes between commits, commit and working tree, etc\n   grep       Print lines matching a pattern\n   log        Show commit logs\n   show       Show various types of objects\n   status     Show the working tree status\n\ngrow, mark and tweak your common history\n   backfill   Download missing objects in a partial clone\n   branch     List, create, or delete branches\n   commit     Record changes to the repository\n   history    EXPERIMENTAL: Rewrite history\n   merge      Join two or more development histories together\n   rebase     Reapply commits on top of another base tip\n   reset      Set `HEAD` or the index to a known state\n   switch     Switch branches\n   tag        Create, list, delete or verify tags\n\ncollaborate (see also: git help workflows)\n   fetch      Download objects and refs from another repository\n   pull       Fetch from and integrate with another repository or a local branch\n   push       Update remote refs along with associated objects\n\n'git help -a' and 'git help -g' list available subcommands and some\nconcept guides. See 'git help <command>' or 'git help <concept>'\nto read about a specific subcommand or concept.\nSee 'git help git' for an overview of the system.\n""
[0m14:23:32.353300 [debug] [MainThread]: STDERR: "b''"
[0m14:23:32.353851 [info ] [MainThread]:  - git [[32mOK found[0m]

[0m14:23:32.354324 [info ] [MainThread]: Connection:
[0m14:23:32.354721 [info ] [MainThread]:   database: dev
[0m14:23:32.355279 [info ] [MainThread]:   schema: main
[0m14:23:32.356102 [info ] [MainThread]:   path: dev.duckdb
[0m14:23:32.356778 [info ] [MainThread]:   config_options: None
[0m14:23:32.357230 [info ] [MainThread]:   extensions: None
[0m14:23:32.357634 [info ] [MainThread]:   settings: {}
[0m14:23:32.358040 [info ] [MainThread]:   external_root: .
[0m14:23:32.358418 [info ] [MainThread]:   use_credential_provider: None
[0m14:23:32.358841 [info ] [MainThread]:   attach: None
[0m14:23:32.359233 [info ] [MainThread]:   filesystems: None
[0m14:23:32.359563 [info ] [MainThread]:   remote: None
[0m14:23:32.359922 [info ] [MainThread]:   plugins: None
[0m14:23:32.360567 [info ] [MainThread]:   disable_transactions: False
[0m14:23:32.361918 [info ] [MainThread]: Registered adapter: duckdb=1.11.0
[0m14:23:32.692513 [debug] [MainThread]: Acquiring new duckdb connection 'debug'
[0m14:23:36.589210 [debug] [MainThread]: Using duckdb connection "debug"
[0m14:23:36.589822 [debug] [MainThread]: On debug: select 1 as id
[0m14:23:36.590180 [debug] [MainThread]: Opening a new connection, currently in state init
[0m14:23:36.616106 [debug] [MainThread]: SQL status: OK in 0.026 seconds
[0m14:23:36.617501 [debug] [MainThread]: On debug: Close
[0m14:23:36.617951 [info ] [MainThread]:   Connection test: [[32mOK connection ok[0m]

[0m14:23:36.618658 [info ] [MainThread]: [32mAll checks passed![0m
[0m14:23:36.619315 [info ] [MainThread]: Your new dbt project "learning_dbt" was created!
Initialized new project in C:\Users\chach\PERSONAL_PROJECTS\learning_dbt\learning_dbt\learning_dbt

For more information on how to configure the profiles.yml file,
please consult the dbt documentation here:

  https://docs.getdbt.com/docs/configure-your-profile

One more thing:

Need help? Don't hesitate to reach out to us via GitHub issues or on Slack:

  https://community.getdbt.com/

Happy modeling!

[0m14:23:36.620797 [debug] [MainThread]: Command `dbt init` succeeded at 14:23:36.620592 after 15.81 seconds
[0m14:23:36.621189 [debug] [MainThread]: Connection 'debug' was properly closed.
[0m14:23:36.621568 [debug] [MainThread]: Sending event: {'category': 'dbt', 'action': 'invocation', 'label': 'end', 'context': [<snowplow_tracker.self_describing_json.SelfDescribingJson object at 0x000002EC4BC0C510>, <snowplow_tracker.self_describing_json.SelfDescribingJson object at 0x000002EC49E5D370>, <snowplow_tracker.self_describing_json.SelfDescribingJson object at 0x000002EC4BDB39B0>]}
[0m14:23:36.622193 [debug] [MainThread]: Flushing usage events
[0m14:23:37.789910 [debug] [MainThread]: An error was encountered while trying to flush usage events
